// Jest Snapshot v1, https://goo.gl/fbAQLP

exports[`Loader Component Matches the snapshot 1`] = `
<div
  className="loader"
>
  <div
    className="MuiCircularProgress-root MuiCircularProgress-colorPrimary MuiCircularProgress-indeterminate"
    role="progressbar"
    style={
      Object {
        "height": 40,
        "width": 40,
      }
    }
  >
    <svg
      className="MuiCircularProgress-svg"
      viewBox="22 22 44 44"
    >
      <circle
        className="MuiCircularProgress-circle MuiCircularProgress-circleIndeterminate"
        cx={44}
        cy={44}
        fill="none"
        r={20.2}
        strokeWidth={3.6}
        style={Object {}}
      />
    </svg>
  </div>
</div>
`;

exports[`Response Box Buttons Component Matches the snapshot 1`] = `
<div
  className="MuiBox-root MuiBox-root-1 buttons-box"
>
  <div
    className="MuiBox-root MuiBox-root-2 right"
  >
    <button
      className="MuiButtonBase-root MuiButton-root MuiButton-text transparent pink"
      disabled={false}
      onBlur={[Function]}
      onClick={[Function]}
      onDragLeave={[Function]}
      onFocus={[Function]}
      onKeyDown={[Function]}
      onKeyUp={[Function]}
      onMouseDown={[Function]}
      onMouseLeave={[Function]}
      onMouseUp={[Function]}
      onTouchEnd={[Function]}
      onTouchMove={[Function]}
      onTouchStart={[Function]}
      tabIndex={0}
      type="button"
    >
      <span
        className="MuiButton-label"
      >
        form.feedback.success.button-text
        <i
          className="arrow right"
        />
      </span>
    </button>
  </div>
</div>
`;

exports[`Response Box Component Matches the snapshot 1`] = `
<div
  className="row "
  p={1}
>
  <div>
    <img
      alt="fake alt"
      src="/images/success-icon.jpg"
    />
  </div>
  <div>
    <h1>
      form.feedback.success.title
    </h1>
    <p>
      form.feedback.success.message
    </p>
  </div>
</div>
`;

exports[`Stepper Component Matches the snapshot 1`] = `
<div
  className="stepper-container"
>
  <span>
    <div
      className="stepper done"
    >
      <span
        className="number"
      >
        âœ”
      </span>
    </div>
    <div
      className="separator done"
    />
  </span>
  <span>
    <div
      className="stepper active"
    >
      <div
        className="triangle"
      />
      <span
        className="number"
      >
        2
      </span>
    </div>
    <div
      className="separator "
    />
  </span>
  <span>
    <div
      className="stepper "
    >
      <span
        className="number"
      >
        3
      </span>
    </div>
  </span>
</div>
`;
